// Jest Snapshot v1, https://goo.gl/fbAQLP

exports[`CdsControl snapshot 1`] = `
<div
  cds-layout="vertical gap:lg"
>
  <D
    layout="compact"
  >
    <D
      l={null}
      layout="compact"
    >
      <cds-control
        l={null}
        layout="compact"
      >
        <label>
          label
        </label>
        <input
          placeholder="some custom control"
        />
        <n>
          <n
            l={null}
          >
            <cds-control-message
              l={null}
            >
              message text
            </cds-control-message>
          </n>
        </n>
      </cds-control>
    </D>
  </D>
  <D
    layout="compact"
    status="error"
  >
    <D
      l={null}
      layout="compact"
      status="error"
    >
      <cds-control
        l={null}
        layout="compact"
      >
        <label>
          label
        </label>
        <input
          placeholder="some custom control"
        />
        <n
          status="error"
        >
          <n
            l={null}
            status="error"
          >
            <cds-control-message
              l={null}
            >
              error message
            </cds-control-message>
          </n>
        </n>
      </cds-control>
    </D>
  </D>
  <D
    layout="compact"
    status="success"
  >
    <D
      l={null}
      layout="compact"
      status="success"
    >
      <cds-control
        l={null}
        layout="compact"
      >
        <label>
          label
        </label>
        <input
          placeholder="some custom control"
        />
        <n
          status="success"
        >
          <n
            l={null}
            status="success"
          >
            <cds-control-message
              l={null}
            >
              success message
            </cds-control-message>
          </n>
        </n>
      </cds-control>
    </D>
  </D>
</div>
`;
