// Jest Snapshot v1, https://goo.gl/fbAQLP

exports[`CdsGrid snapshot 1`] = `
<div>
  <CdsGrid
    aria-label="basic datagrid demo"
  >
    <CdsGrid
      aria-label="basic datagrid demo"
      l={null}
    >
      <cds-grid
        aria-label="basic datagrid demo"
        l={null}
      >
        <CdsGridColumn>
          <CdsGridColumn
            l={null}
          >
            <cds-grid-column
              l={null}
            >
              Type
            </cds-grid-column>
          </CdsGridColumn>
        </CdsGridColumn>
        <CdsGridColumn>
          <CdsGridColumn
            l={null}
          >
            <cds-grid-column
              l={null}
            >
              Description
            </cds-grid-column>
          </CdsGridColumn>
        </CdsGridColumn>
        <CdsGridColumn>
          <CdsGridColumn
            l={null}
          >
            <cds-grid-column
              l={null}
            >
              Amount
            </cds-grid-column>
          </CdsGridColumn>
        </CdsGridColumn>
        <CdsGridColumn>
          <CdsGridColumn
            l={null}
          >
            <cds-grid-column
              l={null}
            >
              Balance
            </cds-grid-column>
          </CdsGridColumn>
        </CdsGridColumn>
        <CdsGridRow>
          <CdsGridRow
            l={null}
          >
            <cds-grid-row
              l={null}
            >
              <CdsGridCell>
                <CdsGridCell
                  l={null}
                >
                  <cds-grid-cell
                    l={null}
                  >
                    Deposit
                  </cds-grid-cell>
                </CdsGridCell>
              </CdsGridCell>
              <CdsGridCell>
                <CdsGridCell
                  l={null}
                >
                  <cds-grid-cell
                    l={null}
                  >
                    Item
                  </cds-grid-cell>
                </CdsGridCell>
              </CdsGridCell>
              <CdsGridCell>
                <CdsGridCell
                  l={null}
                >
                  <cds-grid-cell
                    l={null}
                  >
                    $1,000,000.00
                  </cds-grid-cell>
                </CdsGridCell>
              </CdsGridCell>
              <CdsGridCell>
                <CdsGridCell
                  l={null}
                >
                  <cds-grid-cell
                    l={null}
                  >
                    $1,000,000.00
                  </cds-grid-cell>
                </CdsGridCell>
              </CdsGridCell>
            </cds-grid-row>
          </CdsGridRow>
        </CdsGridRow>
        <CdsGridRow>
          <CdsGridRow
            l={null}
          >
            <cds-grid-row
              l={null}
            >
              <CdsGridCell>
                <CdsGridCell
                  l={null}
                >
                  <cds-grid-cell
                    l={null}
                  >
                    Credit
                  </cds-grid-cell>
                </CdsGridCell>
              </CdsGridCell>
              <CdsGridCell>
                <CdsGridCell
                  l={null}
                >
                  <cds-grid-cell
                    l={null}
                  >
                    Billing
                  </cds-grid-cell>
                </CdsGridCell>
              </CdsGridCell>
              <CdsGridCell>
                <CdsGridCell
                  l={null}
                >
                  <cds-grid-cell
                    l={null}
                  >
                    $250.00
                  </cds-grid-cell>
                </CdsGridCell>
              </CdsGridCell>
              <CdsGridCell>
                <CdsGridCell
                  l={null}
                >
                  <cds-grid-cell
                    l={null}
                  >
                    $523,750.00
                  </cds-grid-cell>
                </CdsGridCell>
              </CdsGridCell>
            </cds-grid-row>
          </CdsGridRow>
        </CdsGridRow>
        <CdsGridFooter>
          <CdsGridFooter
            l={null}
          >
            <cds-grid-footer
              l={null}
            />
          </CdsGridFooter>
        </CdsGridFooter>
      </cds-grid>
    </CdsGrid>
  </CdsGrid>
</div>
`;
